又加了一行